{
  "version": "1.5.0",
  "plugins_used": [
    {
      "name": "ArtifactoryDetector"
    },
    {
      "name": "AWSKeyDetector"
    },
    {
      "name": "AzureStorageKeyDetector"
    },
    {
      "name": "Base64HighEntropyString",
      "limit": 4.5
    },
    {
      "name": "BasicAuthDetector"
    },
    {
      "name": "CloudantDetector"
    },
    {
      "name": "DiscordBotTokenDetector"
    },
    {
      "name": "GitHubTokenDetector"
    },
    {
      "name": "GitLabTokenDetector"
    },
    {
      "name": "HexHighEntropyString",
      "limit": 3.0
    },
    {
      "name": "IbmCloudIamDetector"
    },
    {
      "name": "IbmCosHmacDetector"
    },
    {
      "name": "IPPublicDetector"
    },
    {
      "name": "JwtTokenDetector"
    },
    {
      "name": "KeywordDetector",
      "keyword_exclude": ""
    },
    {
      "name": "MailchimpDetector"
    },
    {
      "name": "NpmDetector"
    },
    {
      "name": "OpenAIDetector"
    },
    {
      "name": "PrivateKeyDetector"
    },
    {
      "name": "PypiTokenDetector"
    },
    {
      "name": "SendGridDetector"
    },
    {
      "name": "SlackDetector"
    },
    {
      "name": "SoftlayerDetector"
    },
    {
      "name": "SquareOAuthDetector"
    },
    {
      "name": "StripeDetector"
    },
    {
      "name": "TelegramBotTokenDetector"
    },
    {
      "name": "TwilioKeyDetector"
    }
  ],
  "filters_used": [
    {
      "path": "detect_secrets.filters.allowlist.is_line_allowlisted"
    },
    {
      "path": "detect_secrets.filters.common.is_baseline_file",
      "filename": ".secrets.baseline"
    },
    {
      "path": "detect_secrets.filters.common.is_ignored_due_to_verification_policies",
      "min_level": 2
    },
    {
      "path": "detect_secrets.filters.heuristic.is_indirect_reference"
    },
    {
      "path": "detect_secrets.filters.heuristic.is_likely_id_string"
    },
    {
      "path": "detect_secrets.filters.heuristic.is_lock_file"
    },
    {
      "path": "detect_secrets.filters.heuristic.is_not_alphanumeric_string"
    },
    {
      "path": "detect_secrets.filters.heuristic.is_potential_uuid"
    },
    {
      "path": "detect_secrets.filters.heuristic.is_prefixed_with_dollar_sign"
    },
    {
      "path": "detect_secrets.filters.heuristic.is_sequential_string"
    },
    {
      "path": "detect_secrets.filters.heuristic.is_swagger_file"
    },
    {
      "path": "detect_secrets.filters.heuristic.is_templated_secret"
    },
    {
      "path": "detect_secrets.filters.regex.should_exclude_file",
      "pattern": [
        "(^|/)(pnpm-lock\\.yaml|uv\\.lock)$"
      ]
    }
  ],
  "results": {
    ".env.production.example": [
      {
        "type": "Basic Auth Credentials",
        "filename": ".env.production.example",
        "hashed_secret": "5baa61e4c9b93f3f0682250b6cf8331b7ee68fd8",
        "is_verified": false,
        "line_number": 44
      }
    ],
    ".env.staging.example": [
      {
        "type": "Basic Auth Credentials",
        "filename": ".env.staging.example",
        "hashed_secret": "5baa61e4c9b93f3f0682250b6cf8331b7ee68fd8",
        "is_verified": false,
        "line_number": 16
      }
    ],
    "api/atlas/domains/access/api/health.py": [
      {
        "type": "Secret Keyword",
        "filename": "api/atlas/domains/access/api/health.py",
        "hashed_secret": "3be9f957f29f905f10f7b652cab1c95ba8a2c205",
        "is_verified": false,
        "line_number": 42
      },
      {
        "type": "Secret Keyword",
        "filename": "api/atlas/domains/access/api/health.py",
        "hashed_secret": "3c682772fe026e5a54bc2eff914639a62947d659",
        "is_verified": false,
        "line_number": 44
      }
    ],
    "api/atlas/domains/access/request_state.py": [
      {
        "type": "Secret Keyword",
        "filename": "api/atlas/domains/access/request_state.py",
        "hashed_secret": "f2b7bd744daab6c21a58fddfd3e28052e79ddf49",
        "is_verified": false,
        "line_number": 12
      }
    ],
    "api/atlas/platform/http/anonymous_rate_limit_support.py": [
      {
        "type": "Secret Keyword",
        "filename": "api/atlas/platform/http/anonymous_rate_limit_support.py",
        "hashed_secret": "8c50b9b50e9afb46eaed249062c4b5fe8cc9db31",
        "is_verified": false,
        "line_number": 19
      },
      {
        "type": "Secret Keyword",
        "filename": "api/atlas/platform/http/anonymous_rate_limit_support.py",
        "hashed_secret": "1cf007dbfb930f1d820b0bd0bad1128b32e28c4b",
        "is_verified": false,
        "line_number": 20
      }
    ],
    "api/atlas/platform/mcp/elicitation_core.py": [
      {
        "type": "Secret Keyword",
        "filename": "api/atlas/platform/mcp/elicitation_core.py",
        "hashed_secret": "f5f49775f5a2c42fa17e2c91ba035b34b8e46bc9",
        "is_verified": false,
        "line_number": 71
      },
      {
        "type": "Secret Keyword",
        "filename": "api/atlas/platform/mcp/elicitation_core.py",
        "hashed_secret": "788e78b59c8833c5933d7303e859e78ccef2a847",
        "is_verified": false,
        "line_number": 72
      }
    ],
    "api/tests/conftest.py": [
      {
        "type": "Secret Keyword",
        "filename": "api/tests/conftest.py",
        "hashed_secret": "3acfb2c2b433c0ea7ff107e33df91b18e52f960f",
        "is_verified": false,
        "line_number": 62
      }
    ],
    "api/tests/domains/access/test_auth.py": [
      {
        "type": "Secret Keyword",
        "filename": "api/tests/domains/access/test_auth.py",
        "hashed_secret": "e4b05d1b1d719fcf001432a4788c17369b93488c",
        "is_verified": false,
        "line_number": 22
      },
      {
        "type": "Secret Keyword",
        "filename": "api/tests/domains/access/test_auth.py",
        "hashed_secret": "4e5b1cd197723d179dd7c6c394849187c607146a",
        "is_verified": false,
        "line_number": 23
      },
      {
        "type": "Secret Keyword",
        "filename": "api/tests/domains/access/test_auth.py",
        "hashed_secret": "1835d216674a4317e9e7a20c64f18212f33e0865",
        "is_verified": false,
        "line_number": 112
      }
    ],
    "api/tests/domains/access/test_health_api.py": [
      {
        "type": "Secret Keyword",
        "filename": "api/tests/domains/access/test_health_api.py",
        "hashed_secret": "a3768bb8ac958568b3da40e7d29cfd1441da6495",
        "is_verified": false,
        "line_number": 127
      },
      {
        "type": "Secret Keyword",
        "filename": "api/tests/domains/access/test_health_api.py",
        "hashed_secret": "3be9f957f29f905f10f7b652cab1c95ba8a2c205",
        "is_verified": false,
        "line_number": 140
      },
      {
        "type": "Secret Keyword",
        "filename": "api/tests/domains/access/test_health_api.py",
        "hashed_secret": "3c682772fe026e5a54bc2eff914639a62947d659",
        "is_verified": false,
        "line_number": 169
      }
    ],
    "api/tests/domains/access/test_membership.py": [
      {
        "type": "Secret Keyword",
        "filename": "api/tests/domains/access/test_membership.py",
        "hashed_secret": "fe1bae27cb7c1fb823f496f286e78f1d2ae87734",
        "is_verified": false,
        "line_number": 152
      }
    ],
    "api/tests/domains/access/test_runtime_helpers/test_api_keys.py": [
      {
        "type": "Secret Keyword",
        "filename": "api/tests/domains/access/test_runtime_helpers/test_api_keys.py",
        "hashed_secret": "07924ceecc60712fa7d7012096b601fd94552fca",
        "is_verified": false,
        "line_number": 35
      },
      {
        "type": "Secret Keyword",
        "filename": "api/tests/domains/access/test_runtime_helpers/test_api_keys.py",
        "hashed_secret": "e4b05d1b1d719fcf001432a4788c17369b93488c",
        "is_verified": false,
        "line_number": 36
      }
    ],
    "api/tests/domains/access/test_runtime_helpers/test_internal_actor.py": [
      {
        "type": "Secret Keyword",
        "filename": "api/tests/domains/access/test_runtime_helpers/test_internal_actor.py",
        "hashed_secret": "e4b05d1b1d719fcf001432a4788c17369b93488c",
        "is_verified": false,
        "line_number": 17
      }
    ],
    "api/tests/domains/access/test_runtime_helpers/test_require_actor.py": [
      {
        "type": "Secret Keyword",
        "filename": "api/tests/domains/access/test_runtime_helpers/test_require_actor.py",
        "hashed_secret": "e4b05d1b1d719fcf001432a4788c17369b93488c",
        "is_verified": false,
        "line_number": 24
      },
      {
        "type": "Secret Keyword",
        "filename": "api/tests/domains/access/test_runtime_helpers/test_require_actor.py",
        "hashed_secret": "1835d216674a4317e9e7a20c64f18212f33e0865",
        "is_verified": false,
        "line_number": 30
      }
    ],
    "api/tests/domains/access/test_verification_admin.py": [
      {
        "type": "Secret Keyword",
        "filename": "api/tests/domains/access/test_verification_admin.py",
        "hashed_secret": "e4b05d1b1d719fcf001432a4788c17369b93488c",
        "is_verified": false,
        "line_number": 41
      },
      {
        "type": "Secret Keyword",
        "filename": "api/tests/domains/access/test_verification_admin.py",
        "hashed_secret": "093ba29908d89f3ce4eb9f9ad7eda34411c69ca1",
        "is_verified": false,
        "line_number": 44
      }
    ],
    "api/tests/domains/catalog/test_profile_claim_api.py": [
      {
        "type": "Secret Keyword",
        "filename": "api/tests/domains/catalog/test_profile_claim_api.py",
        "hashed_secret": "fe1bae27cb7c1fb823f496f286e78f1d2ae87734",
        "is_verified": false,
        "line_number": 234
      }
    ],
    "api/tests/domains/catalog/test_profile_claim_atproto_pairing.py": [
      {
        "type": "Secret Keyword",
        "filename": "api/tests/domains/catalog/test_profile_claim_atproto_pairing.py",
        "hashed_secret": "fe1bae27cb7c1fb823f496f286e78f1d2ae87734",
        "is_verified": false,
        "line_number": 31
      }
    ],
    "api/tests/domains/catalog/test_profile_claim_structured_preflight.py": [
      {
        "type": "Secret Keyword",
        "filename": "api/tests/domains/catalog/test_profile_claim_structured_preflight.py",
        "hashed_secret": "fe1bae27cb7c1fb823f496f286e78f1d2ae87734",
        "is_verified": false,
        "line_number": 50
      }
    ],
    "api/tests/domains/discovery/pipeline/test_extraction.py": [
      {
        "type": "Secret Keyword",
        "filename": "api/tests/domains/discovery/pipeline/test_extraction.py",
        "hashed_secret": "3acfb2c2b433c0ea7ff107e33df91b18e52f960f",
        "is_verified": false,
        "line_number": 148
      }
    ],
    "api/tests/domains/discovery/test_api_edges_start.py": [
      {
        "type": "Secret Keyword",
        "filename": "api/tests/domains/discovery/test_api_edges_start.py",
        "hashed_secret": "3acfb2c2b433c0ea7ff107e33df91b18e52f960f",
        "is_verified": false,
        "line_number": 108
      }
    ],
    "api/tests/domains/discovery/test_api_edges_sync.py": [
      {
        "type": "Secret Keyword",
        "filename": "api/tests/domains/discovery/test_api_edges_sync.py",
        "hashed_secret": "3acfb2c2b433c0ea7ff107e33df91b18e52f960f",
        "is_verified": false,
        "line_number": 253
      }
    ],
    "api/tests/domains/discovery/test_pipeline/test_api.py": [
      {
        "type": "Secret Keyword",
        "filename": "api/tests/domains/discovery/test_pipeline/test_api.py",
        "hashed_secret": "3acfb2c2b433c0ea7ff107e33df91b18e52f960f",
        "is_verified": false,
        "line_number": 62
      },
      {
        "type": "Secret Keyword",
        "filename": "api/tests/domains/discovery/test_pipeline/test_api.py",
        "hashed_secret": "5bae1329d157aaccef8aebe830bad529baaaebbe",
        "is_verified": false,
        "line_number": 63
      }
    ],
    "api/tests/domains/discovery/test_pipeline/test_runner.py": [
      {
        "type": "Secret Keyword",
        "filename": "api/tests/domains/discovery/test_pipeline/test_runner.py",
        "hashed_secret": "c0196f9d82328d609bd523b2c1aa54c1905a8d0c",
        "is_verified": false,
        "line_number": 96
      },
      {
        "type": "Secret Keyword",
        "filename": "api/tests/domains/discovery/test_pipeline/test_runner.py",
        "hashed_secret": "a288513f2a30d39a5123d8cdc53914d71db049b6",
        "is_verified": false,
        "line_number": 97
      }
    ],
    "api/tests/domains/discovery/test_pipeline_runner_helpers_existing_entry.py": [
      {
        "type": "Secret Keyword",
        "filename": "api/tests/domains/discovery/test_pipeline_runner_helpers_existing_entry.py",
        "hashed_secret": "c0196f9d82328d609bd523b2c1aa54c1905a8d0c",
        "is_verified": false,
        "line_number": 110
      },
      {
        "type": "Secret Keyword",
        "filename": "api/tests/domains/discovery/test_pipeline_runner_helpers_existing_entry.py",
        "hashed_secret": "a288513f2a30d39a5123d8cdc53914d71db049b6",
        "is_verified": false,
        "line_number": 111
      }
    ],
    "api/tests/domains/discovery/test_pipeline_runner_helpers_source.py": [
      {
        "type": "Secret Keyword",
        "filename": "api/tests/domains/discovery/test_pipeline_runner_helpers_source.py",
        "hashed_secret": "c0196f9d82328d609bd523b2c1aa54c1905a8d0c",
        "is_verified": false,
        "line_number": 92
      },
      {
        "type": "Secret Keyword",
        "filename": "api/tests/domains/discovery/test_pipeline_runner_helpers_source.py",
        "hashed_secret": "a288513f2a30d39a5123d8cdc53914d71db049b6",
        "is_verified": false,
        "line_number": 93
      }
    ],
    "api/tests/domains/discovery/test_pipeline_trust_gate.py": [
      {
        "type": "Secret Keyword",
        "filename": "api/tests/domains/discovery/test_pipeline_trust_gate.py",
        "hashed_secret": "c0196f9d82328d609bd523b2c1aa54c1905a8d0c",
        "is_verified": false,
        "line_number": 198
      },
      {
        "type": "Secret Keyword",
        "filename": "api/tests/domains/discovery/test_pipeline_trust_gate.py",
        "hashed_secret": "a288513f2a30d39a5123d8cdc53914d71db049b6",
        "is_verified": false,
        "line_number": 199
      }
    ],
    "api/tests/domains/discovery/test_scheduled_run_endpoint.py": [
      {
        "type": "Secret Keyword",
        "filename": "api/tests/domains/discovery/test_scheduled_run_endpoint.py",
        "hashed_secret": "3acfb2c2b433c0ea7ff107e33df91b18e52f960f",
        "is_verified": false,
        "line_number": 25
      }
    ],
    "api/tests/domains/discovery/test_worker.py": [
      {
        "type": "Secret Keyword",
        "filename": "api/tests/domains/discovery/test_worker.py",
        "hashed_secret": "a94a8fe5ccb19ba61c4c0873d391e987982fbbd3",
        "is_verified": false,
        "line_number": 52
      }
    ],
    "api/tests/domains/firehose/test_api_websocket.py": [
      {
        "type": "Secret Keyword",
        "filename": "api/tests/domains/firehose/test_api_websocket.py",
        "hashed_secret": "e4b05d1b1d719fcf001432a4788c17369b93488c",
        "is_verified": false,
        "line_number": 82
      },
      {
        "type": "Secret Keyword",
        "filename": "api/tests/domains/firehose/test_api_websocket.py",
        "hashed_secret": "4e5b1cd197723d179dd7c6c394849187c607146a",
        "is_verified": false,
        "line_number": 128
      },
      {
        "type": "Secret Keyword",
        "filename": "api/tests/domains/firehose/test_api_websocket.py",
        "hashed_secret": "1835d216674a4317e9e7a20c64f18212f33e0865",
        "is_verified": false,
        "line_number": 131
      }
    ],
    "api/tests/domains/firehose/test_observation_signals_api.py": [
      {
        "type": "Secret Keyword",
        "filename": "api/tests/domains/firehose/test_observation_signals_api.py",
        "hashed_secret": "dd5cd3a526a6ce4feaeba24865a31cdacaa33e10",
        "is_verified": false,
        "line_number": 130
      }
    ],
    "api/tests/platform/test_anonymous_rate_limit_credentials.py": [
      {
        "type": "Secret Keyword",
        "filename": "api/tests/platform/test_anonymous_rate_limit_credentials.py",
        "hashed_secret": "a074efcea1f0a13fca9fd59458aa0070f55efb8b",
        "is_verified": false,
        "line_number": 65
      },
      {
        "type": "Secret Keyword",
        "filename": "api/tests/platform/test_anonymous_rate_limit_credentials.py",
        "hashed_secret": "1835d216674a4317e9e7a20c64f18212f33e0865",
        "is_verified": false,
        "line_number": 214
      }
    ],
    "api/tests/platform/test_anonymous_rate_limit_helpers.py": [
      {
        "type": "Secret Keyword",
        "filename": "api/tests/platform/test_anonymous_rate_limit_helpers.py",
        "hashed_secret": "45a6f9adb1df3a78aafc71391c7d3bfa7680229b",
        "is_verified": false,
        "line_number": 196
      },
      {
        "type": "Secret Keyword",
        "filename": "api/tests/platform/test_anonymous_rate_limit_helpers.py",
        "hashed_secret": "e4b05d1b1d719fcf001432a4788c17369b93488c",
        "is_verified": false,
        "line_number": 248
      }
    ],
    "api/tests/platform/test_anonymous_rate_limit_proxy.py": [
      {
        "type": "Secret Keyword",
        "filename": "api/tests/platform/test_anonymous_rate_limit_proxy.py",
        "hashed_secret": "e4b05d1b1d719fcf001432a4788c17369b93488c",
        "is_verified": false,
        "line_number": 35
      },
      {
        "type": "Secret Keyword",
        "filename": "api/tests/platform/test_anonymous_rate_limit_proxy.py",
        "hashed_secret": "7deeb1b520a95d17eb2f4cf59b05d5c5f9e71e4d",
        "is_verified": false,
        "line_number": 81
      },
      {
        "type": "Secret Keyword",
        "filename": "api/tests/platform/test_anonymous_rate_limit_proxy.py",
        "hashed_secret": "0980991ec3b64212bb44e612c30dfc1b9f4e761f",
        "is_verified": false,
        "line_number": 206
      }
    ],
    "api/tests/platform/test_anonymous_rate_limit_public.py": [
      {
        "type": "Secret Keyword",
        "filename": "api/tests/platform/test_anonymous_rate_limit_public.py",
        "hashed_secret": "e4b05d1b1d719fcf001432a4788c17369b93488c",
        "is_verified": false,
        "line_number": 188
      },
      {
        "type": "Secret Keyword",
        "filename": "api/tests/platform/test_anonymous_rate_limit_public.py",
        "hashed_secret": "7deeb1b520a95d17eb2f4cf59b05d5c5f9e71e4d",
        "is_verified": false,
        "line_number": 208
      }
    ],
    "api/tests/platform/test_production_config_defaults.py": [
      {
        "type": "Secret Keyword",
        "filename": "api/tests/platform/test_production_config_defaults.py",
        "hashed_secret": "dd5cd3a526a6ce4feaeba24865a31cdacaa33e10",
        "is_verified": false,
        "line_number": 116
      }
    ],
    "api/tests/platform/test_production_config_runtime_auth.py": [
      {
        "type": "Secret Keyword",
        "filename": "api/tests/platform/test_production_config_runtime_auth.py",
        "hashed_secret": "dd5cd3a526a6ce4feaeba24865a31cdacaa33e10",
        "is_verified": false,
        "line_number": 43
      },
      {
        "type": "Secret Keyword",
        "filename": "api/tests/platform/test_production_config_runtime_auth.py",
        "hashed_secret": "a074efcea1f0a13fca9fd59458aa0070f55efb8b",
        "is_verified": false,
        "line_number": 44
      },
      {
        "type": "Secret Keyword",
        "filename": "api/tests/platform/test_production_config_runtime_auth.py",
        "hashed_secret": "eb2c5e8364d7e8a4af7d05caacc01c46ad1bf335",
        "is_verified": false,
        "line_number": 124
      }
    ],
    "api/tests/platform/test_production_config_settings_validator.py": [
      {
        "type": "Basic Auth Credentials",
        "filename": "api/tests/platform/test_production_config_settings_validator.py",
        "hashed_secret": "9d4e1e23bd5b727046a9e3b4b7db57bd8d6ee684",
        "is_verified": false,
        "line_number": 71
      }
    ],
    "api/tests/support/anonymous_rate_limit.py": [
      {
        "type": "Secret Keyword",
        "filename": "api/tests/support/anonymous_rate_limit.py",
        "hashed_secret": "e4b05d1b1d719fcf001432a4788c17369b93488c",
        "is_verified": false,
        "line_number": 31
      }
    ],
    "app/playwright.config.ts": [
      {
        "type": "Secret Keyword",
        "filename": "app/playwright.config.ts",
        "hashed_secret": "89022852f8c325075560d7bc1e7d907ca0de7009",
        "is_verified": false,
        "line_number": 128
      }
    ],
    "app/tests/unit/domains/access/api-keys.functions.rest.test.ts": [
      {
        "type": "Secret Keyword",
        "filename": "app/tests/unit/domains/access/api-keys.functions.rest.test.ts",
        "hashed_secret": "eb2c5e8364d7e8a4af7d05caacc01c46ad1bf335",
        "is_verified": false,
        "line_number": 84
      },
      {
        "type": "Secret Keyword",
        "filename": "app/tests/unit/domains/access/api-keys.functions.rest.test.ts",
        "hashed_secret": "e4b05d1b1d719fcf001432a4788c17369b93488c",
        "is_verified": false,
        "line_number": 86
      }
    ],
    "app/tests/unit/domains/access/api-keys.functions.test.ts": [
      {
        "type": "Secret Keyword",
        "filename": "app/tests/unit/domains/access/api-keys.functions.test.ts",
        "hashed_secret": "eb2c5e8364d7e8a4af7d05caacc01c46ad1bf335",
        "is_verified": false,
        "line_number": 85
      },
      {
        "type": "Secret Keyword",
        "filename": "app/tests/unit/domains/access/api-keys.functions.test.ts",
        "hashed_secret": "e4b05d1b1d719fcf001432a4788c17369b93488c",
        "is_verified": false,
        "line_number": 87
      }
    ],
    "app/tests/unit/domains/access/components/organization/use-organization-page-sso-actions.test.ts": [
      {
        "type": "Secret Keyword",
        "filename": "app/tests/unit/domains/access/components/organization/use-organization-page-sso-actions.test.ts",
        "hashed_secret": "c00dbbc9dadfbe1e232e93a729dd4752fade0abf",
        "is_verified": false,
        "line_number": 101
      }
    ],
    "app/tests/unit/domains/access/config.test.ts": [
      {
        "type": "Secret Keyword",
        "filename": "app/tests/unit/domains/access/config.test.ts",
        "hashed_secret": "e4b05d1b1d719fcf001432a4788c17369b93488c",
        "is_verified": false,
        "line_number": 48
      }
    ],
    "app/tests/unit/domains/access/pages/organization-page.test.tsx": [
      {
        "type": "Secret Keyword",
        "filename": "app/tests/unit/domains/access/pages/organization-page.test.tsx",
        "hashed_secret": "ea45a4958bbb18451e1d48aa90745cb35a508b29",
        "is_verified": false,
        "line_number": 112
      }
    ],
    "app/tests/unit/domains/access/scout-devices.functions.test.ts": [
      {
        "type": "Secret Keyword",
        "filename": "app/tests/unit/domains/access/scout-devices.functions.test.ts",
        "hashed_secret": "dd5cd3a526a6ce4feaeba24865a31cdacaa33e10",
        "is_verified": false,
        "line_number": 43
      }
    ],
    "app/tests/unit/domains/access/server/api-keys.test.ts": [
      {
        "type": "Secret Keyword",
        "filename": "app/tests/unit/domains/access/server/api-keys.test.ts",
        "hashed_secret": "eb2c5e8364d7e8a4af7d05caacc01c46ad1bf335",
        "is_verified": false,
        "line_number": 54
      },
      {
        "type": "Secret Keyword",
        "filename": "app/tests/unit/domains/access/server/api-keys.test.ts",
        "hashed_secret": "e4b05d1b1d719fcf001432a4788c17369b93488c",
        "is_verified": false,
        "line_number": 56
      }
    ],
    "app/tests/unit/domains/access/server/api-proxy/forwarding.test.ts": [
      {
        "type": "Secret Keyword",
        "filename": "app/tests/unit/domains/access/server/api-proxy/forwarding.test.ts",
        "hashed_secret": "6c2af8da8583ff686700f0f414896d1e360d46fc",
        "is_verified": false,
        "line_number": 66
      }
    ],
    "app/tests/unit/domains/access/server/api-proxy/rate-limit.test.ts": [
      {
        "type": "Secret Keyword",
        "filename": "app/tests/unit/domains/access/server/api-proxy/rate-limit.test.ts",
        "hashed_secret": "e4b05d1b1d719fcf001432a4788c17369b93488c",
        "is_verified": false,
        "line_number": 55
      }
    ],
    "app/tests/unit/domains/access/server/api-proxy/support.ts": [
      {
        "type": "Secret Keyword",
        "filename": "app/tests/unit/domains/access/server/api-proxy/support.ts",
        "hashed_secret": "e4b05d1b1d719fcf001432a4788c17369b93488c",
        "is_verified": false,
        "line_number": 11
      }
    ],
    "app/tests/unit/domains/access/server/atproto-oauth-test-support.ts": [
      {
        "type": "Secret Keyword",
        "filename": "app/tests/unit/domains/access/server/atproto-oauth-test-support.ts",
        "hashed_secret": "e5e9fa1ba31ecd1ae84f75caaa474f3a663f05f4",
        "is_verified": false,
        "line_number": 73
      }
    ],
    "app/tests/unit/domains/access/server/auth-pending-invitations.test.ts": [
      {
        "type": "Secret Keyword",
        "filename": "app/tests/unit/domains/access/server/auth-pending-invitations.test.ts",
        "hashed_secret": "b514e531e93cf588909a601870a6e8901a89b08e",
        "is_verified": false,
        "line_number": 132
      },
      {
        "type": "Secret Keyword",
        "filename": "app/tests/unit/domains/access/server/auth-pending-invitations.test.ts",
        "hashed_secret": "e4b05d1b1d719fcf001432a4788c17369b93488c",
        "is_verified": false,
        "line_number": 143
      }
    ],
    "app/tests/unit/domains/access/server/auth-runtime.test.ts": [
      {
        "type": "Secret Keyword",
        "filename": "app/tests/unit/domains/access/server/auth-runtime.test.ts",
        "hashed_secret": "eb2c5e8364d7e8a4af7d05caacc01c46ad1bf335",
        "is_verified": false,
        "line_number": 153
      },
      {
        "type": "Secret Keyword",
        "filename": "app/tests/unit/domains/access/server/auth-runtime.test.ts",
        "hashed_secret": "e4b05d1b1d719fcf001432a4788c17369b93488c",
        "is_verified": false,
        "line_number": 159
      }
    ],
    "app/tests/unit/domains/access/server/internal-api-key-branches.test.ts": [
      {
        "type": "Secret Keyword",
        "filename": "app/tests/unit/domains/access/server/internal-api-key-branches.test.ts",
        "hashed_secret": "e4b05d1b1d719fcf001432a4788c17369b93488c",
        "is_verified": false,
        "line_number": 22
      },
      {
        "type": "Secret Keyword",
        "filename": "app/tests/unit/domains/access/server/internal-api-key-branches.test.ts",
        "hashed_secret": "7deeb1b520a95d17eb2f4cf59b05d5c5f9e71e4d",
        "is_verified": false,
        "line_number": 31
      }
    ],
    "app/tests/unit/domains/access/server/internal-api-key.test.ts": [
      {
        "type": "Secret Keyword",
        "filename": "app/tests/unit/domains/access/server/internal-api-key.test.ts",
        "hashed_secret": "e4b05d1b1d719fcf001432a4788c17369b93488c",
        "is_verified": false,
        "line_number": 31
      },
      {
        "type": "Secret Keyword",
        "filename": "app/tests/unit/domains/access/server/internal-api-key.test.ts",
        "hashed_secret": "7deeb1b520a95d17eb2f4cf59b05d5c5f9e71e4d",
        "is_verified": false,
        "line_number": 39
      },
      {
        "type": "Secret Keyword",
        "filename": "app/tests/unit/domains/access/server/internal-api-key.test.ts",
        "hashed_secret": "43ed4c2d8375dfc89e3dc8c917f404b9481d355b",
        "is_verified": false,
        "line_number": 227
      },
      {
        "type": "Secret Keyword",
        "filename": "app/tests/unit/domains/access/server/internal-api-key.test.ts",
        "hashed_secret": "0c6be5dabbe1b6aa8c5029429a22bfe6b9457332",
        "is_verified": false,
        "line_number": 238
      }
    ],
    "app/tests/unit/domains/access/server/internal-membership.test.ts": [
      {
        "type": "Secret Keyword",
        "filename": "app/tests/unit/domains/access/server/internal-membership.test.ts",
        "hashed_secret": "fe1bae27cb7c1fb823f496f286e78f1d2ae87734",
        "is_verified": false,
        "line_number": 31
      },
      {
        "type": "Secret Keyword",
        "filename": "app/tests/unit/domains/access/server/internal-membership.test.ts",
        "hashed_secret": "a4b48a81cdab1e1a5dd37907d6c85ca1c61ddc7c",
        "is_verified": false,
        "line_number": 39
      }
    ],
    "app/tests/unit/domains/access/server/runtime.test.ts": [
      {
        "type": "Secret Keyword",
        "filename": "app/tests/unit/domains/access/server/runtime.test.ts",
        "hashed_secret": "e4b05d1b1d719fcf001432a4788c17369b93488c",
        "is_verified": false,
        "line_number": 54
      },
      {
        "type": "Secret Keyword",
        "filename": "app/tests/unit/domains/access/server/runtime.test.ts",
        "hashed_secret": "af745d096df6f12da6279997befa3e40f32411cb",
        "is_verified": false,
        "line_number": 55
      },
      {
        "type": "Secret Keyword",
        "filename": "app/tests/unit/domains/access/server/runtime.test.ts",
        "hashed_secret": "84b65a49ec3a4a8fbb0ee4c56f384412003cc9ab",
        "is_verified": false,
        "line_number": 58
      },
      {
        "type": "Secret Keyword",
        "filename": "app/tests/unit/domains/access/server/runtime.test.ts",
        "hashed_secret": "eb2c5e8364d7e8a4af7d05caacc01c46ad1bf335",
        "is_verified": false,
        "line_number": 91
      }
    ],
    "app/tests/unit/domains/access/server/scout/auth-runtime-device.test.ts": [
      {
        "type": "Secret Keyword",
        "filename": "app/tests/unit/domains/access/server/scout/auth-runtime-device.test.ts",
        "hashed_secret": "eb2c5e8364d7e8a4af7d05caacc01c46ad1bf335",
        "is_verified": false,
        "line_number": 88
      },
      {
        "type": "Secret Keyword",
        "filename": "app/tests/unit/domains/access/server/scout/auth-runtime-device.test.ts",
        "hashed_secret": "e4b05d1b1d719fcf001432a4788c17369b93488c",
        "is_verified": false,
        "line_number": 93
      }
    ],
    "app/tests/unit/domains/access/sso.functions.registration.test.ts": [
      {
        "type": "Secret Keyword",
        "filename": "app/tests/unit/domains/access/sso.functions.registration.test.ts",
        "hashed_secret": "ea45a4958bbb18451e1d48aa90745cb35a508b29",
        "is_verified": false,
        "line_number": 64
      },
      {
        "type": "Private Key",
        "filename": "app/tests/unit/domains/access/sso.functions.registration.test.ts",
        "hashed_secret": "1348b145fa1a555461c1b790a2f66614781091e9",
        "is_verified": false,
        "line_number": 249
      },
      {
        "type": "Secret Keyword",
        "filename": "app/tests/unit/domains/access/sso.functions.registration.test.ts",
        "hashed_secret": "6210274434052f20fcb83e1d0f492204fcb11884",
        "is_verified": false,
        "line_number": 250
      }
    ],
    "app/tests/unit/domains/discovery/server/api-client.test.ts": [
      {
        "type": "Secret Keyword",
        "filename": "app/tests/unit/domains/discovery/server/api-client.test.ts",
        "hashed_secret": "fe1bae27cb7c1fb823f496f286e78f1d2ae87734",
        "is_verified": false,
        "line_number": 59
      }
    ],
    "app/tests/unit/platform/email/server/service-errors.test.ts": [
      {
        "type": "Secret Keyword",
        "filename": "app/tests/unit/platform/email/server/service-errors.test.ts",
        "hashed_secret": "af745d096df6f12da6279997befa3e40f32411cb",
        "is_verified": false,
        "line_number": 24
      },
      {
        "type": "Secret Keyword",
        "filename": "app/tests/unit/platform/email/server/service-errors.test.ts",
        "hashed_secret": "e4b05d1b1d719fcf001432a4788c17369b93488c",
        "is_verified": false,
        "line_number": 44
      },
      {
        "type": "Secret Keyword",
        "filename": "app/tests/unit/platform/email/server/service-errors.test.ts",
        "hashed_secret": "84b65a49ec3a4a8fbb0ee4c56f384412003cc9ab",
        "is_verified": false,
        "line_number": 105
      }
    ],
    "app/tests/unit/platform/email/server/service.test.ts": [
      {
        "type": "Secret Keyword",
        "filename": "app/tests/unit/platform/email/server/service.test.ts",
        "hashed_secret": "84b65a49ec3a4a8fbb0ee4c56f384412003cc9ab",
        "is_verified": false,
        "line_number": 96
      }
    ],
    "compose.yaml": [
      {
        "type": "Secret Keyword",
        "filename": "compose.yaml",
        "hashed_secret": "58bb706f17b13b0ef119083c5578b86e0df3b111",
        "is_verified": false,
        "line_number": 18
      }
    ],
    "docs/design/2026-04-11-atlas-scout-pipeline-design.md": [
      {
        "type": "Secret Keyword",
        "filename": "docs/design/2026-04-11-atlas-scout-pipeline-design.md",
        "hashed_secret": "ec3810e10fb78db55ce38b9c18d1c3eb1db739e0",
        "is_verified": false,
        "line_number": 366
      }
    ],
    "docs/runbooks/rate-limits.md": [
      {
        "type": "Secret Keyword",
        "filename": "docs/runbooks/rate-limits.md",
        "hashed_secret": "3f9001117de57af8ae9f14efb22e16d4093e67b0",
        "is_verified": false,
        "line_number": 134
      }
    ],
    "docs/runbooks/scout-homebrew-tap.md": [
      {
        "type": "Secret Keyword",
        "filename": "docs/runbooks/scout-homebrew-tap.md",
        "hashed_secret": "f1114503f1a4af335daf9c971de361faeb40830b",
        "is_verified": false,
        "line_number": 48
      }
    ],
    "docs/superpowers/plans/2026-04-11-atlas-scout-core-pipeline.md": [
      {
        "type": "Secret Keyword",
        "filename": "docs/superpowers/plans/2026-04-11-atlas-scout-core-pipeline.md",
        "hashed_secret": "3acfb2c2b433c0ea7ff107e33df91b18e52f960f",
        "is_verified": false,
        "line_number": 2181
      }
    ],
    "mintlify/scalar-reference.js": [
      {
        "type": "Secret Keyword",
        "filename": "mintlify/scalar-reference.js",
        "hashed_secret": "5300d17a1d695bd411e4cdf96f9548c23ced6175",
        "is_verified": false,
        "line_number": 203
      }
    ],
    "scout/src/atlas_scout/credentials.py": [
      {
        "type": "Secret Keyword",
        "filename": "scout/src/atlas_scout/credentials.py",
        "hashed_secret": "fcf1263c901a7f3b8c7261ddb1466fdd99b5d87e",
        "is_verified": false,
        "line_number": 13
      }
    ],
    "scout/tests/cli/runs/test_sync.py": [
      {
        "type": "Secret Keyword",
        "filename": "scout/tests/cli/runs/test_sync.py",
        "hashed_secret": "a62f2225bf70bfaccbc7f1ef2a397836717377de",
        "is_verified": false,
        "line_number": 23
      }
    ],
    "scout/tests/cli/test_cli_coverage_run.py": [
      {
        "type": "Secret Keyword",
        "filename": "scout/tests/cli/test_cli_coverage_run.py",
        "hashed_secret": "2ee76097769dff85258f49e16aa0daf257b9ad79",
        "is_verified": false,
        "line_number": 100
      }
    ],
    "scout/tests/cli/test_cli_daemon_start.py": [
      {
        "type": "Secret Keyword",
        "filename": "scout/tests/cli/test_cli_daemon_start.py",
        "hashed_secret": "3acfb2c2b433c0ea7ff107e33df91b18e52f960f",
        "is_verified": false,
        "line_number": 142
      }
    ],
    "scout/tests/cli/test_config_management.py": [
      {
        "type": "Secret Keyword",
        "filename": "scout/tests/cli/test_config_management.py",
        "hashed_secret": "670fc15252d6cd7f453a9e6c05fa4d2ed9d3f54d",
        "is_verified": false,
        "line_number": 34
      },
      {
        "type": "Secret Keyword",
        "filename": "scout/tests/cli/test_config_management.py",
        "hashed_secret": "d83a00c70693cc271db983c4bb584604887e60cc",
        "is_verified": false,
        "line_number": 37
      }
    ],
    "scout/tests/cli/test_daemon_coverage_commands.py": [
      {
        "type": "Secret Keyword",
        "filename": "scout/tests/cli/test_daemon_coverage_commands.py",
        "hashed_secret": "a62f2225bf70bfaccbc7f1ef2a397836717377de",
        "is_verified": false,
        "line_number": 194
      }
    ],
    "scout/tests/cli/test_daemon_coverage_runtime.py": [
      {
        "type": "Secret Keyword",
        "filename": "scout/tests/cli/test_daemon_coverage_runtime.py",
        "hashed_secret": "a62f2225bf70bfaccbc7f1ef2a397836717377de",
        "is_verified": false,
        "line_number": 86
      }
    ],
    "scout/tests/cli/test_runs_sync_auth/test_should_sync_after_run.py": [
      {
        "type": "Secret Keyword",
        "filename": "scout/tests/cli/test_runs_sync_auth/test_should_sync_after_run.py",
        "hashed_secret": "a62f2225bf70bfaccbc7f1ef2a397836717377de",
        "is_verified": false,
        "line_number": 53
      }
    ],
    "scout/tests/cli/test_search_connection_usage.py": [
      {
        "type": "Secret Keyword",
        "filename": "scout/tests/cli/test_search_connection_usage.py",
        "hashed_secret": "b0a5284bef5de667cb89f7b30213036d75ef68e4",
        "is_verified": false,
        "line_number": 80
      },
      {
        "type": "Secret Keyword",
        "filename": "scout/tests/cli/test_search_connection_usage.py",
        "hashed_secret": "c6074a378f5827b9b90f58db5f32dc5530179aef",
        "is_verified": false,
        "line_number": 211
      }
    ],
    "scout/tests/cli/test_worker_commands.py": [
      {
        "type": "Secret Keyword",
        "filename": "scout/tests/cli/test_worker_commands.py",
        "hashed_secret": "63f6dab23b8c66dd99f2fb30ad55bc118fcc830c",
        "is_verified": false,
        "line_number": 150
      }
    ],
    "scout/tests/contribute/test_entries.py": [
      {
        "type": "Secret Keyword",
        "filename": "scout/tests/contribute/test_entries.py",
        "hashed_secret": "2ee76097769dff85258f49e16aa0daf257b9ad79",
        "is_verified": false,
        "line_number": 43
      },
      {
        "type": "Secret Keyword",
        "filename": "scout/tests/contribute/test_entries.py",
        "hashed_secret": "a62f2225bf70bfaccbc7f1ef2a397836717377de",
        "is_verified": false,
        "line_number": 69
      }
    ],
    "scout/tests/contribute/test_entries_failures.py": [
      {
        "type": "Secret Keyword",
        "filename": "scout/tests/contribute/test_entries_failures.py",
        "hashed_secret": "a62f2225bf70bfaccbc7f1ef2a397836717377de",
        "is_verified": false,
        "line_number": 56
      }
    ],
    "scout/tests/contribute/test_sync.py": [
      {
        "type": "Secret Keyword",
        "filename": "scout/tests/contribute/test_sync.py",
        "hashed_secret": "2ee76097769dff85258f49e16aa0daf257b9ad79",
        "is_verified": false,
        "line_number": 45
      },
      {
        "type": "Secret Keyword",
        "filename": "scout/tests/contribute/test_sync.py",
        "hashed_secret": "a62f2225bf70bfaccbc7f1ef2a397836717377de",
        "is_verified": false,
        "line_number": 95
      }
    ],
    "scout/tests/pipeline/test_pipeline_branches_runtime.py": [
      {
        "type": "Secret Keyword",
        "filename": "scout/tests/pipeline/test_pipeline_branches_runtime.py",
        "hashed_secret": "3acfb2c2b433c0ea7ff107e33df91b18e52f960f",
        "is_verified": false,
        "line_number": 49
      }
    ],
    "scout/tests/pipeline/test_pipeline_contribution_branches.py": [
      {
        "type": "Secret Keyword",
        "filename": "scout/tests/pipeline/test_pipeline_contribution_branches.py",
        "hashed_secret": "28e2bca89d8c60c5115a5b9e6663519ec2c9903c",
        "is_verified": false,
        "line_number": 150
      },
      {
        "type": "Secret Keyword",
        "filename": "scout/tests/pipeline/test_pipeline_contribution_branches.py",
        "hashed_secret": "3acfb2c2b433c0ea7ff107e33df91b18e52f960f",
        "is_verified": false,
        "line_number": 165
      }
    ],
    "scout/tests/pipeline/test_pipeline_iterative_leads.py": [
      {
        "type": "Secret Keyword",
        "filename": "scout/tests/pipeline/test_pipeline_iterative_leads.py",
        "hashed_secret": "3acfb2c2b433c0ea7ff107e33df91b18e52f960f",
        "is_verified": false,
        "line_number": 177
      }
    ],
    "scout/tests/pipeline/test_pipeline_iterative_leads_followups.py": [
      {
        "type": "Secret Keyword",
        "filename": "scout/tests/pipeline/test_pipeline_iterative_leads_followups.py",
        "hashed_secret": "3acfb2c2b433c0ea7ff107e33df91b18e52f960f",
        "is_verified": false,
        "line_number": 131
      }
    ],
    "scout/tests/pipeline/test_pipeline_iterative_phases.py": [
      {
        "type": "Secret Keyword",
        "filename": "scout/tests/pipeline/test_pipeline_iterative_phases.py",
        "hashed_secret": "3acfb2c2b433c0ea7ff107e33df91b18e52f960f",
        "is_verified": false,
        "line_number": 194
      }
    ],
    "scout/tests/pipeline/test_pipeline_iterative_phases_deepening.py": [
      {
        "type": "Secret Keyword",
        "filename": "scout/tests/pipeline/test_pipeline_iterative_phases_deepening.py",
        "hashed_secret": "3acfb2c2b433c0ea7ff107e33df91b18e52f960f",
        "is_verified": false,
        "line_number": 153
      }
    ],
    "scout/tests/pipeline/test_pipeline_throughput_behavior.py": [
      {
        "type": "Secret Keyword",
        "filename": "scout/tests/pipeline/test_pipeline_throughput_behavior.py",
        "hashed_secret": "3acfb2c2b433c0ea7ff107e33df91b18e52f960f",
        "is_verified": false,
        "line_number": 101
      }
    ],
    "scout/tests/test_providers/test_anthropic.py": [
      {
        "type": "Secret Keyword",
        "filename": "scout/tests/test_providers/test_anthropic.py",
        "hashed_secret": "bea2f7b64fab8d1d414d0449530b1e088d36d5b1",
        "is_verified": false,
        "line_number": 45
      }
    ],
    "scout/tests/test_providers/test_factory.py": [
      {
        "type": "Secret Keyword",
        "filename": "scout/tests/test_providers/test_factory.py",
        "hashed_secret": "3acfb2c2b433c0ea7ff107e33df91b18e52f960f",
        "is_verified": false,
        "line_number": 44
      }
    ],
    "scout/tests/test_providers/test_lmstudio.py": [
      {
        "type": "Secret Keyword",
        "filename": "scout/tests/test_providers/test_lmstudio.py",
        "hashed_secret": "4dd88d5cd9e9bb507cd761f9638d8043aba4de25",
        "is_verified": false,
        "line_number": 81
      }
    ],
    "scout/tests/test_search_keys.py": [
      {
        "type": "Secret Keyword",
        "filename": "scout/tests/test_search_keys.py",
        "hashed_secret": "5a64bb8cebf7d448b2b479a3b9d8c4034c1cfaef",
        "is_verified": false,
        "line_number": 50
      }
    ],
    "scout/tests/test_steps/test_source_fetch.py": [
      {
        "type": "Secret Keyword",
        "filename": "scout/tests/test_steps/test_source_fetch.py",
        "hashed_secret": "ed65c049bb2f78ee4f703b2158ba9cc6ea31fb7e",
        "is_verified": false,
        "line_number": 15
      }
    ],
    "scripts/bootstrap/phases/database.ts": [
      {
        "type": "Basic Auth Credentials",
        "filename": "scripts/bootstrap/phases/database.ts",
        "hashed_secret": "5baa61e4c9b93f3f0682250b6cf8331b7ee68fd8",
        "is_verified": false,
        "line_number": 156
      }
    ],
    "scripts/bootstrap/products/stripe-cli-client.test.ts": [
      {
        "type": "Secret Keyword",
        "filename": "scripts/bootstrap/products/stripe-cli-client.test.ts",
        "hashed_secret": "100e5b4f687e7de890fa10490e41fd7d84b942d3",
        "is_verified": false,
        "line_number": 18
      },
      {
        "type": "Secret Keyword",
        "filename": "scripts/bootstrap/products/stripe-cli-client.test.ts",
        "hashed_secret": "33a12e70139a2ec5640bb4bef2879848fde887e1",
        "is_verified": false,
        "line_number": 19
      },
      {
        "type": "Secret Keyword",
        "filename": "scripts/bootstrap/products/stripe-cli-client.test.ts",
        "hashed_secret": "1cb1a8454d17b65a0f8170cf44726bf9d2b45033",
        "is_verified": false,
        "line_number": 24
      },
      {
        "type": "Secret Keyword",
        "filename": "scripts/bootstrap/products/stripe-cli-client.test.ts",
        "hashed_secret": "d408e9d3dd5c6922fc8544dca09e769396259174",
        "is_verified": false,
        "line_number": 25
      },
      {
        "type": "Secret Keyword",
        "filename": "scripts/bootstrap/products/stripe-cli-client.test.ts",
        "hashed_secret": "4f69744facea1ead633225d1d89c5aa7585fe96a",
        "is_verified": false,
        "line_number": 66
      },
      {
        "type": "Secret Keyword",
        "filename": "scripts/bootstrap/products/stripe-cli-client.test.ts",
        "hashed_secret": "aa5f71435c120fd566ce56121f4d3c3f0279ae06",
        "is_verified": false,
        "line_number": 132
      },
      {
        "type": "Secret Keyword",
        "filename": "scripts/bootstrap/products/stripe-cli-client.test.ts",
        "hashed_secret": "0db77a514a081206d0687d79acc7fec584fbaa42",
        "is_verified": false,
        "line_number": 162
      }
    ]
  },
  "generated_at": "2026-07-21T01:46:09Z"
}
